#-----------------------------------------------------------
# Webtalk v2017.3 (64-bit)
# SW Build 2018833 on Wed Oct  4 19:58:22 MDT 2017
# IP Build 2016188 on Wed Oct  4 21:52:56 MDT 2017
# Start of session at: Tue Nov 28 03:02:40 2017
# Process ID: 7928
# Current directory: C:/Users/vipin.kizheppatt/OneDrive/Reserch/mygit/OpenNoc/App/Vivado/openNoc.sim/sim_1/behav/xsim
# Command line: wbtcv.exe -mode batch -source C:/Users/vipin.kizheppatt/OneDrive/Reserch/mygit/OpenNoc/App/Vivado/openNoc.sim/sim_1/behav/xsim/xsim.dir/procTop_behav/webtalk/xsim_webtalk.tcl -notrace
# Log file: C:/Users/vipin.kizheppatt/OneDrive/Reserch/mygit/OpenNoc/App/Vivado/openNoc.sim/sim_1/behav/xsim/webtalk.log
# Journal file: C:/Users/vipin.kizheppatt/OneDrive/Reserch/mygit/OpenNoc/App/Vivado/openNoc.sim/sim_1/behav/xsim\webtalk.jou
#-----------------------------------------------------------
source C:/Users/vipin.kizheppatt/OneDrive/Reserch/mygit/OpenNoc/App/Vivado/openNoc.sim/sim_1/behav/xsim/xsim.dir/procTop_behav/webtalk/xsim_webtalk.tcl -notrace
