Flow report for nbyn
Tue Oct 24 12:30:30 2017
Quartus Prime Version 17.0.0 Build 595 04/25/2017 SJ Lite Edition


---------------------
; Table of Contents ;
---------------------
  1. Legal Notice
  2. Flow Summary
  3. Flow Settings
  4. Flow Non-Default Global Settings
  5. Flow Elapsed Time
  6. Flow OS Summary
  7. Flow Log
  8. Flow Messages
  9. Flow Suppressed Messages



----------------
; Legal Notice ;
----------------
Copyright (C) 2017  Intel Corporation. All rights reserved.
Your use of Intel Corporation's design tools, logic functions 
and other software and tools, and its AMPP partner logic 
functions, and any output files from any of the foregoing 
(including device programming or simulation files), and any 
associated documentation or information are expressly subject 
to the terms and conditions of the Intel Program License 
Subscription Agreement, the Intel Quartus Prime License Agreement,
the Intel MegaCore Function License Agreement, or other 
applicable license agreement, including, without limitation, 
that your use is for the sole purpose of programming logic 
devices manufactured by Intel and sold by Intel or its 
authorized distributors.  Please refer to the applicable 
agreement for further details.



+---------------------------------------------------------------------------------+
; Flow Summary                                                                    ;
+-----------------------------------+---------------------------------------------+
; Flow Status                       ; Successful - Tue Oct 24 12:26:46 2017       ;
; Quartus Prime Version             ; 17.0.0 Build 595 04/25/2017 SJ Lite Edition ;
; Revision Name                     ; nbyn                                        ;
; Top-level Entity Name             ; nbyn_switch                                 ;
; Family                            ; Arria II GX                                 ;
; Device                            ; EP2AGX45CU17C4                              ;
; Timing Models                     ; Final                                       ;
; Logic utilization                 ; < 1 %                                       ;
;     Combinational ALUTs           ; 53 / 36,100 ( < 1 % )                       ;
;     Memory ALUTs                  ; 0 / 18,050 ( 0 % )                          ;
;     Dedicated logic registers     ; 39 / 36,100 ( < 1 % )                       ;
; Total registers                   ; 39                                          ;
; Total pins                        ; 1 / 176 ( < 1 % )                           ;
; Total virtual pins                ; 83                                          ;
; Total block memory bits           ; 0 / 2,939,904 ( 0 % )                       ;
; DSP block 18-bit elements         ; 0 / 232 ( 0 % )                             ;
; Total GXB Receiver Channel PCS    ; 0 / 4 ( 0 % )                               ;
; Total GXB Receiver Channel PMA    ; 0 / 4 ( 0 % )                               ;
; Total GXB Transmitter Channel PCS ; 0 / 4 ( 0 % )                               ;
; Total GXB Transmitter Channel PMA ; 0 / 4 ( 0 % )                               ;
; Total PLLs                        ; 0 / 4 ( 0 % )                               ;
; Total DLLs                        ; 0 / 2 ( 0 % )                               ;
+-----------------------------------+---------------------------------------------+


+-----------------------------------------+
; Flow Settings                           ;
+-------------------+---------------------+
; Option            ; Setting             ;
+-------------------+---------------------+
; Start date & time ; 10/24/2017 12:26:26 ;
; Main task         ; Compilation         ;
; Revision Name     ; nbyn                ;
+-------------------+---------------------+


+---------------------------------------------------------------------------------------------------------------------------------+
; Flow Non-Default Global Settings                                                                                                ;
+-----------------------------------------+----------------------------------------+---------------+-------------+----------------+
; Assignment Name                         ; Value                                  ; Default Value ; Entity Name ; Section Id     ;
+-----------------------------------------+----------------------------------------+---------------+-------------+----------------+
; COMPILER_SIGNATURE_ID                   ; 158445886846787.150882638631370        ; --            ; --          ; --             ;
; EDA_OUTPUT_DATA_FORMAT                  ; Verilog Hdl                            ; --            ; --          ; eda_simulation ;
; EDA_SIMULATION_TOOL                     ; ModelSim-Altera (Verilog)              ; <None>        ; --          ; --             ;
; EDA_TIME_SCALE                          ; 1 ps                                   ; --            ; --          ; eda_simulation ;
; MAX_CORE_JUNCTION_TEMP                  ; 85                                     ; --            ; --          ; --             ;
; MIN_CORE_JUNCTION_TEMP                  ; 0                                      ; --            ; --          ; --             ;
; OPTIMIZATION_TECHNIQUE                  ; Speed                                  ; Balanced      ; --          ; --             ;
; PARTITION_COLOR                         ; -- (Not supported for targeted family) ; --            ; nbyn_switch ; Top            ;
; PARTITION_FITTER_PRESERVATION_LEVEL     ; -- (Not supported for targeted family) ; --            ; nbyn_switch ; Top            ;
; PARTITION_NETLIST_TYPE                  ; -- (Not supported for targeted family) ; --            ; nbyn_switch ; Top            ;
; PHYSICAL_SYNTHESIS_COMBO_LOGIC          ; On                                     ; Off           ; --          ; --             ;
; PHYSICAL_SYNTHESIS_REGISTER_DUPLICATION ; On                                     ; Off           ; --          ; --             ;
; PHYSICAL_SYNTHESIS_REGISTER_RETIMING    ; On                                     ; Off           ; --          ; --             ;
; POWER_BOARD_THERMAL_MODEL               ; None (CONSERVATIVE)                    ; --            ; --          ; --             ;
; POWER_PRESET_COOLING_SOLUTION           ; 23 MM HEAT SINK WITH 200 LFPM AIRFLOW  ; --            ; --          ; --             ;
; PROJECT_OUTPUT_DIRECTORY                ; output_files                           ; --            ; --          ; --             ;
; QII_AUTO_PACKED_REGISTERS               ; Normal                                 ; Auto          ; --          ; --             ;
; ROUTER_TIMING_OPTIMIZATION_LEVEL        ; MAXIMUM                                ; Normal        ; --          ; --             ;
; TOP_LEVEL_ENTITY                        ; nbyn_switch                            ; nbyn          ; --          ; --             ;
+-----------------------------------------+----------------------------------------+---------------+-------------+----------------+


+-------------------------------------------------------------------------------------------------------------------------------+
; Flow Elapsed Time                                                                                                             ;
+---------------------------+--------------+-------------------------+---------------------+------------------------------------+
; Module Name               ; Elapsed Time ; Average Processors Used ; Peak Virtual Memory ; Total CPU Time (on all processors) ;
+---------------------------+--------------+-------------------------+---------------------+------------------------------------+
; Analysis & Synthesis      ; 00:00:10     ; 1.0                     ; 1159 MB             ; 00:00:22                           ;
; Fitter                    ; 00:00:09     ; 1.0                     ; 1555 MB             ; 00:00:10                           ;
; TimeQuest Timing Analyzer ; 00:00:02     ; 1.0                     ; 1012 MB             ; 00:00:02                           ;
; Total                     ; 00:00:21     ; --                      ; --                  ; 00:00:34                           ;
+---------------------------+--------------+-------------------------+---------------------+------------------------------------+


+-----------------------------------------------------------------------------------------------+
; Flow OS Summary                                                                               ;
+---------------------------+--------------------+----------------+------------+----------------+
; Module Name               ; Machine Hostname   ; OS Name        ; OS Version ; Processor type ;
+---------------------------+--------------------+----------------+------------+----------------+
; Analysis & Synthesis      ; vipin-ESPRIMO-P756 ; Ubuntu 16.04.3 ; 16         ; x86_64         ;
; Fitter                    ; vipin-ESPRIMO-P756 ; Ubuntu 16.04.3 ; 16         ; x86_64         ;
; TimeQuest Timing Analyzer ; vipin-ESPRIMO-P756 ; Ubuntu 16.04.3 ; 16         ; x86_64         ;
+---------------------------+--------------------+----------------+------------+----------------+


------------
; Flow Log ;
------------
quartus_map --read_settings_files=on --write_settings_files=off openNoc -c nbyn
quartus_fit --read_settings_files=off --write_settings_files=off openNoc -c nbyn
quartus_sta openNoc -c nbyn



