TimeQuest Timing Analyzer report for nbyn
Tue Oct 24 12:30:30 2017
Quartus Prime Version 17.0.0 Build 595 04/25/2017 SJ Lite Edition


---------------------
; Table of Contents ;
---------------------
  1. Legal Notice
  2. TimeQuest Timing Analyzer Summary
  3. Parallel Compilation
  4. SDC File List
  5. Clocks
  6. Slow 900mV 85C Model Fmax Summary
  7. Timing Closure Recommendations
  8. Slow 900mV 85C Model Setup Summary
  9. Slow 900mV 85C Model Hold Summary
 10. Slow 900mV 85C Model Recovery Summary
 11. Slow 900mV 85C Model Removal Summary
 12. Slow 900mV 85C Model Minimum Pulse Width Summary
 13. Slow 900mV 85C Model Metastability Summary
 14. Slow 900mV 0C Model Fmax Summary
 15. Slow 900mV 0C Model Setup Summary
 16. Slow 900mV 0C Model Hold Summary
 17. Slow 900mV 0C Model Recovery Summary
 18. Slow 900mV 0C Model Removal Summary
 19. Slow 900mV 0C Model Minimum Pulse Width Summary
 20. Slow 900mV 0C Model Metastability Summary
 21. Fast 900mV 0C Model Setup Summary
 22. Fast 900mV 0C Model Hold Summary
 23. Fast 900mV 0C Model Recovery Summary
 24. Fast 900mV 0C Model Removal Summary
 25. Fast 900mV 0C Model Minimum Pulse Width Summary
 26. Fast 900mV 0C Model Metastability Summary
 27. Multicorner Timing Analysis Summary
 28. Board Trace Model Assignments
 29. Input Transition Times
 30. Signal Integrity Metrics (Slow 900mv 0c Model)
 31. Signal Integrity Metrics (Slow 900mv 85c Model)
 32. Signal Integrity Metrics (Fast 900mv 0c Model)
 33. Clock Transfers
 34. Report TCCS
 35. Report RSKM
 36. Unconstrained Paths Summary
 37. Clock Status Summary
 38. Unconstrained Input Ports
 39. Unconstrained Output Ports
 40. Unconstrained Input Ports
 41. Unconstrained Output Ports
 42. TimeQuest Timing Analyzer Messages



----------------
; Legal Notice ;
----------------
Copyright (C) 2017  Intel Corporation. All rights reserved.
Your use of Intel Corporation's design tools, logic functions 
and other software and tools, and its AMPP partner logic 
functions, and any output files from any of the foregoing 
(including device programming or simulation files), and any 
associated documentation or information are expressly subject 
to the terms and conditions of the Intel Program License 
Subscription Agreement, the Intel Quartus Prime License Agreement,
the Intel MegaCore Function License Agreement, or other 
applicable license agreement, including, without limitation, 
that your use is for the sole purpose of programming logic 
devices manufactured by Intel and sold by Intel or its 
authorized distributors.  Please refer to the applicable 
agreement for further details.



+-----------------------------------------------------------------------------+
; TimeQuest Timing Analyzer Summary                                           ;
+-----------------------+-----------------------------------------------------+
; Quartus Prime Version ; Version 17.0.0 Build 595 04/25/2017 SJ Lite Edition ;
; Timing Analyzer       ; TimeQuest                                           ;
; Revision Name         ; nbyn                                                ;
; Device Family         ; Arria II GX                                         ;
; Device Name           ; EP2AGX45CU17C4                                      ;
; Timing Models         ; Final                                               ;
; Delay Model           ; Combined                                            ;
; Rise/Fall Delays      ; Enabled                                             ;
+-----------------------+-----------------------------------------------------+


+------------------------------------------+
; Parallel Compilation                     ;
+----------------------------+-------------+
; Processors                 ; Number      ;
+----------------------------+-------------+
; Number detected on machine ; 4           ;
; Maximum allowed            ; 4           ;
;                            ;             ;
; Average used               ; 1.01        ;
; Maximum used               ; 4           ;
;                            ;             ;
; Usage by Processor         ; % Time Used ;
;     Processor 1            ; 100.0%      ;
;     Processors 2-4         ;   0.5%      ;
+----------------------------+-------------+


+---------------------------------------------------+
; SDC File List                                     ;
+---------------+--------+--------------------------+
; SDC File Path ; Status ; Read at                  ;
+---------------+--------+--------------------------+
; switch.sdc    ; OK     ; Tue Oct 24 12:30:29 2017 ;
+---------------+--------+--------------------------+


+--------------------------------------------------------------------------------------------------------------------------------------------------------------------------------+
; Clocks                                                                                                                                                                         ;
+------------+------+--------+-----------+-------+-------+------------+-----------+-------------+-------+--------+-----------+------------+----------+--------+--------+---------+
; Clock Name ; Type ; Period ; Frequency ; Rise  ; Fall  ; Duty Cycle ; Divide by ; Multiply by ; Phase ; Offset ; Edge List ; Edge Shift ; Inverted ; Master ; Source ; Targets ;
+------------+------+--------+-----------+-------+-------+------------+-----------+-------------+-------+--------+-----------+------------+----------+--------+--------+---------+
; clk        ; Base ; 4.000  ; 250.0 MHz ; 0.000 ; 2.000 ;            ;           ;             ;       ;        ;           ;            ;          ;        ;        ; { clk } ;
+------------+------+--------+-----------+-------+-------+------------+-----------+-------------+-------+--------+-----------+------------+----------+--------+--------+---------+


-------------------------------------
; Slow 900mV 85C Model Fmax Summary ;
-------------------------------------
No paths to report.


----------------------------------
; Timing Closure Recommendations ;
----------------------------------
HTML report is unavailable in plain text report export.


--------------------------------------
; Slow 900mV 85C Model Setup Summary ;
--------------------------------------
No paths to report.


-------------------------------------
; Slow 900mV 85C Model Hold Summary ;
-------------------------------------
No paths to report.


-----------------------------------------
; Slow 900mV 85C Model Recovery Summary ;
-----------------------------------------
No paths to report.


----------------------------------------
; Slow 900mV 85C Model Removal Summary ;
----------------------------------------
No paths to report.


+--------------------------------------------------+
; Slow 900mV 85C Model Minimum Pulse Width Summary ;
+-------+-------+----------------------------------+
; Clock ; Slack ; End Point TNS                    ;
+-------+-------+----------------------------------+
; clk   ; 0.154 ; 0.000                            ;
+-------+-------+----------------------------------+


----------------------------------------------
; Slow 900mV 85C Model Metastability Summary ;
----------------------------------------------
No synchronizer chains to report.


------------------------------------
; Slow 900mV 0C Model Fmax Summary ;
------------------------------------
No paths to report.


-------------------------------------
; Slow 900mV 0C Model Setup Summary ;
-------------------------------------
No paths to report.


------------------------------------
; Slow 900mV 0C Model Hold Summary ;
------------------------------------
No paths to report.


----------------------------------------
; Slow 900mV 0C Model Recovery Summary ;
----------------------------------------
No paths to report.


---------------------------------------
; Slow 900mV 0C Model Removal Summary ;
---------------------------------------
No paths to report.


+-------------------------------------------------+
; Slow 900mV 0C Model Minimum Pulse Width Summary ;
+-------+-------+---------------------------------+
; Clock ; Slack ; End Point TNS                   ;
+-------+-------+---------------------------------+
; clk   ; 0.154 ; 0.000                           ;
+-------+-------+---------------------------------+


---------------------------------------------
; Slow 900mV 0C Model Metastability Summary ;
---------------------------------------------
No synchronizer chains to report.


-------------------------------------
; Fast 900mV 0C Model Setup Summary ;
-------------------------------------
No paths to report.


------------------------------------
; Fast 900mV 0C Model Hold Summary ;
------------------------------------
No paths to report.


----------------------------------------
; Fast 900mV 0C Model Recovery Summary ;
----------------------------------------
No paths to report.


---------------------------------------
; Fast 900mV 0C Model Removal Summary ;
---------------------------------------
No paths to report.


+-------------------------------------------------+
; Fast 900mV 0C Model Minimum Pulse Width Summary ;
+-------+-------+---------------------------------+
; Clock ; Slack ; End Point TNS                   ;
+-------+-------+---------------------------------+
; clk   ; 0.154 ; 0.000                           ;
+-------+-------+---------------------------------+


---------------------------------------------
; Fast 900mV 0C Model Metastability Summary ;
---------------------------------------------
No synchronizer chains to report.


+----------------------------------------------------------------------------+
; Multicorner Timing Analysis Summary                                        ;
+------------------+-------+------+----------+---------+---------------------+
; Clock            ; Setup ; Hold ; Recovery ; Removal ; Minimum Pulse Width ;
+------------------+-------+------+----------+---------+---------------------+
; Worst-case Slack ; N/A   ; N/A  ; N/A      ; N/A     ; 0.154               ;
;  clk             ; N/A   ; N/A  ; N/A      ; N/A     ; 0.154               ;
; Design-wide TNS  ; 0.0   ; 0.0  ; 0.0      ; 0.0     ; 0.0                 ;
;  clk             ; N/A   ; N/A  ; N/A      ; N/A     ; 0.000               ;
+------------------+-------+------+----------+---------+---------------------+


+------------------------------------------------------------------------------------------------------------------------------------------------------------------------------------------------------------------------------------------------------------------------------------------------------------------------------------------------------------------------------------------------------------------+
; Board Trace Model Assignments                                                                                                                                                                                                                                                                                                                                                                                    ;
+---------------+--------------+-------------------+-------------------------+-------------------------+---------------+---------------------+----------------+------------------+--------+------------------+------------------------+------------------------+--------------+---------------+-----------------+-------+---------------------+--------------------+---------------+-----------------+-------------+
; Pin           ; I/O Standard ; Near Tline Length ; Near Tline L per Length ; Near Tline C per Length ; Near Series R ; Near Differential R ; Near Pull-up R ; Near Pull-down R ; Near C ; Far Tline Length ; Far Tline L per Length ; Far Tline C per Length ; Far Series R ; Far Pull-up R ; Far Pull-down R ; Far C ; Termination Voltage ; Far Differential R ; EBD File Name ; EBD Signal Name ; EBD Far-end ;
+---------------+--------------+-------------------+-------------------------+-------------------------+---------------+---------------------+----------------+------------------+--------+------------------+------------------------+------------------------+--------------+---------------+-----------------+-------+---------------------+--------------------+---------------+-----------------+-------------+
; ~ALTERA_nCEO~ ; 2.5 V        ; 0 in              ; 0 H/in                  ; 0 F/in                  ; short         ; -                   ; open           ; open             ; open   ; 0 in             ; 0 H/in                 ; 0 F/in                 ; short        ; open          ; open            ; open  ; 0 V                 ; -                  ; n/a           ; n/a             ; n/a         ;
+---------------+--------------+-------------------+-------------------------+-------------------------+---------------+---------------------+----------------+------------------+--------+------------------+------------------------+------------------------+--------------+---------------+-----------------+-------+---------------------+--------------------+---------------+-----------------+-------------+


+--------------------------------------------------------+
; Input Transition Times                                 ;
+-----+--------------+-----------------+-----------------+
; Pin ; I/O Standard ; 10-90 Rise Time ; 90-10 Fall Time ;
+-----+--------------+-----------------+-----------------+
; clk ; 2.5 V        ; 2000 ps         ; 2000 ps         ;
+-----+--------------+-----------------+-----------------+


+--------------------------------------------------------------------------------------------------------------------------------------------------------------------------------------------------------------------------------------------------------------------------------------------------------------------------------------------------------------------------------------------------------------------------------------------------------------------------------------------------------------------------------------------------------------------------------------------------------------------------------------------------------------------------------------------+
; Signal Integrity Metrics (Slow 900mv 0c Model)                                                                                                                                                                                                                                                                                                                                                                                                                                                                                                                                                                                                                                             ;
+---------------+--------------+---------------------+---------------------+------------------------------+------------------------------+---------------------+---------------------+--------------------------------------+--------------------------------------+-----------------------------+-----------------------------+----------------------------+----------------------------+-----------------------------+-----------------------------+--------------------+--------------------+-------------------------------------+-------------------------------------+----------------------------+----------------------------+---------------------------+---------------------------+
; Pin           ; I/O Standard ; Board Delay on Rise ; Board Delay on Fall ; Steady State Voh at FPGA Pin ; Steady State Vol at FPGA Pin ; Voh Max at FPGA Pin ; Vol Min at FPGA Pin ; Ringback Voltage on Rise at FPGA Pin ; Ringback Voltage on Fall at FPGA Pin ; 10-90 Rise Time at FPGA Pin ; 90-10 Fall Time at FPGA Pin ; Monotonic Rise at FPGA Pin ; Monotonic Fall at FPGA Pin ; Steady State Voh at Far-end ; Steady State Vol at Far-end ; Voh Max at Far-end ; Vol Min at Far-end ; Ringback Voltage on Rise at Far-end ; Ringback Voltage on Fall at Far-end ; 10-90 Rise Time at Far-end ; 90-10 Fall Time at Far-end ; Monotonic Rise at Far-end ; Monotonic Fall at Far-end ;
+---------------+--------------+---------------------+---------------------+------------------------------+------------------------------+---------------------+---------------------+--------------------------------------+--------------------------------------+-----------------------------+-----------------------------+----------------------------+----------------------------+-----------------------------+-----------------------------+--------------------+--------------------+-------------------------------------+-------------------------------------+----------------------------+----------------------------+---------------------------+---------------------------+
; ~ALTERA_nCEO~ ; 2.5 V        ; 0 s                 ; 0 s                 ; 2.28 V                       ; 2.31e-07 V                   ; 2.31 V              ; -0.014 V            ; 0.243 V                              ; 0.121 V                              ; 5.39e-10 s                  ; 6.78e-10 s                  ; No                         ; Yes                        ; 2.28 V                      ; 2.31e-07 V                  ; 2.31 V             ; -0.014 V           ; 0.243 V                             ; 0.121 V                             ; 5.39e-10 s                 ; 6.78e-10 s                 ; No                        ; Yes                       ;
+---------------+--------------+---------------------+---------------------+------------------------------+------------------------------+---------------------+---------------------+--------------------------------------+--------------------------------------+-----------------------------+-----------------------------+----------------------------+----------------------------+-----------------------------+-----------------------------+--------------------+--------------------+-------------------------------------+-------------------------------------+----------------------------+----------------------------+---------------------------+---------------------------+


+--------------------------------------------------------------------------------------------------------------------------------------------------------------------------------------------------------------------------------------------------------------------------------------------------------------------------------------------------------------------------------------------------------------------------------------------------------------------------------------------------------------------------------------------------------------------------------------------------------------------------------------------------------------------------------------------+
; Signal Integrity Metrics (Slow 900mv 85c Model)                                                                                                                                                                                                                                                                                                                                                                                                                                                                                                                                                                                                                                            ;
+---------------+--------------+---------------------+---------------------+------------------------------+------------------------------+---------------------+---------------------+--------------------------------------+--------------------------------------+-----------------------------+-----------------------------+----------------------------+----------------------------+-----------------------------+-----------------------------+--------------------+--------------------+-------------------------------------+-------------------------------------+----------------------------+----------------------------+---------------------------+---------------------------+
; Pin           ; I/O Standard ; Board Delay on Rise ; Board Delay on Fall ; Steady State Voh at FPGA Pin ; Steady State Vol at FPGA Pin ; Voh Max at FPGA Pin ; Vol Min at FPGA Pin ; Ringback Voltage on Rise at FPGA Pin ; Ringback Voltage on Fall at FPGA Pin ; 10-90 Rise Time at FPGA Pin ; 90-10 Fall Time at FPGA Pin ; Monotonic Rise at FPGA Pin ; Monotonic Fall at FPGA Pin ; Steady State Voh at Far-end ; Steady State Vol at Far-end ; Voh Max at Far-end ; Vol Min at Far-end ; Ringback Voltage on Rise at Far-end ; Ringback Voltage on Fall at Far-end ; 10-90 Rise Time at Far-end ; 90-10 Fall Time at Far-end ; Monotonic Rise at Far-end ; Monotonic Fall at Far-end ;
+---------------+--------------+---------------------+---------------------+------------------------------+------------------------------+---------------------+---------------------+--------------------------------------+--------------------------------------+-----------------------------+-----------------------------+----------------------------+----------------------------+-----------------------------+-----------------------------+--------------------+--------------------+-------------------------------------+-------------------------------------+----------------------------+----------------------------+---------------------------+---------------------------+
; ~ALTERA_nCEO~ ; 2.5 V        ; 0 s                 ; 0 s                 ; 2.28 V                       ; 2.14e-05 V                   ; 2.3 V               ; -0.00783 V          ; 0.197 V                              ; 0.09 V                               ; 6.49e-10 s                  ; 8.33e-10 s                  ; Yes                        ; Yes                        ; 2.28 V                      ; 2.14e-05 V                  ; 2.3 V              ; -0.00783 V         ; 0.197 V                             ; 0.09 V                              ; 6.49e-10 s                 ; 8.33e-10 s                 ; Yes                       ; Yes                       ;
+---------------+--------------+---------------------+---------------------+------------------------------+------------------------------+---------------------+---------------------+--------------------------------------+--------------------------------------+-----------------------------+-----------------------------+----------------------------+----------------------------+-----------------------------+-----------------------------+--------------------+--------------------+-------------------------------------+-------------------------------------+----------------------------+----------------------------+---------------------------+---------------------------+


+--------------------------------------------------------------------------------------------------------------------------------------------------------------------------------------------------------------------------------------------------------------------------------------------------------------------------------------------------------------------------------------------------------------------------------------------------------------------------------------------------------------------------------------------------------------------------------------------------------------------------------------------------------------------------------------------+
; Signal Integrity Metrics (Fast 900mv 0c Model)                                                                                                                                                                                                                                                                                                                                                                                                                                                                                                                                                                                                                                             ;
+---------------+--------------+---------------------+---------------------+------------------------------+------------------------------+---------------------+---------------------+--------------------------------------+--------------------------------------+-----------------------------+-----------------------------+----------------------------+----------------------------+-----------------------------+-----------------------------+--------------------+--------------------+-------------------------------------+-------------------------------------+----------------------------+----------------------------+---------------------------+---------------------------+
; Pin           ; I/O Standard ; Board Delay on Rise ; Board Delay on Fall ; Steady State Voh at FPGA Pin ; Steady State Vol at FPGA Pin ; Voh Max at FPGA Pin ; Vol Min at FPGA Pin ; Ringback Voltage on Rise at FPGA Pin ; Ringback Voltage on Fall at FPGA Pin ; 10-90 Rise Time at FPGA Pin ; 90-10 Fall Time at FPGA Pin ; Monotonic Rise at FPGA Pin ; Monotonic Fall at FPGA Pin ; Steady State Voh at Far-end ; Steady State Vol at Far-end ; Voh Max at Far-end ; Vol Min at Far-end ; Ringback Voltage on Rise at Far-end ; Ringback Voltage on Fall at Far-end ; 10-90 Rise Time at Far-end ; 90-10 Fall Time at Far-end ; Monotonic Rise at Far-end ; Monotonic Fall at Far-end ;
+---------------+--------------+---------------------+---------------------+------------------------------+------------------------------+---------------------+---------------------+--------------------------------------+--------------------------------------+-----------------------------+-----------------------------+----------------------------+----------------------------+-----------------------------+-----------------------------+--------------------+--------------------+-------------------------------------+-------------------------------------+----------------------------+----------------------------+---------------------------+---------------------------+
; ~ALTERA_nCEO~ ; 2.5 V        ; 0 s                 ; 0 s                 ; 2.62 V                       ; 1.27e-06 V                   ; 2.67 V              ; -0.0263 V           ; 0.315 V                              ; 0.154 V                              ; 4.24e-10 s                  ; 5.98e-10 s                  ; No                         ; No                         ; 2.62 V                      ; 1.27e-06 V                  ; 2.67 V             ; -0.0263 V          ; 0.315 V                             ; 0.154 V                             ; 4.24e-10 s                 ; 5.98e-10 s                 ; No                        ; No                        ;
+---------------+--------------+---------------------+---------------------+------------------------------+------------------------------+---------------------+---------------------+--------------------------------------+--------------------------------------+-----------------------------+-----------------------------+----------------------------+----------------------------+-----------------------------+-----------------------------+--------------------+--------------------+-------------------------------------+-------------------------------------+----------------------------+----------------------------+---------------------------+---------------------------+


-------------------
; Clock Transfers ;
-------------------
Nothing to report.


---------------
; Report TCCS ;
---------------
No dedicated SERDES Transmitter circuitry present in device or used in design


---------------
; Report RSKM ;
---------------
No non-DPA dedicated SERDES Receiver circuitry present in device or used in design


+------------------------------------------------+
; Unconstrained Paths Summary                    ;
+---------------------------------+-------+------+
; Property                        ; Setup ; Hold ;
+---------------------------------+-------+------+
; Illegal Clocks                  ; 0     ; 0    ;
; Unconstrained Clocks            ; 0     ; 0    ;
; Unconstrained Input Ports       ; 41    ; 41   ;
; Unconstrained Input Port Paths  ; 445   ; 445  ;
; Unconstrained Output Ports      ; 40    ; 40   ;
; Unconstrained Output Port Paths ; 41    ; 41   ;
+---------------------------------+-------+------+


+-------------------------------------+
; Clock Status Summary                ;
+--------+-------+------+-------------+
; Target ; Clock ; Type ; Status      ;
+--------+-------+------+-------------+
; clk    ; clk   ; Base ; Constrained ;
+--------+-------+------+-------------+


+------------------------------------------------------------------------------------------------------+
; Unconstrained Input Ports                                                                            ;
+---------------+--------------------------------------------------------------------------------------+
; Input Port    ; Comment                                                                              ;
+---------------+--------------------------------------------------------------------------------------+
; i_data_b[0]   ; No input delay, min/max delays, false-path exceptions, or max skew assignments found ;
; i_data_b[1]   ; No input delay, min/max delays, false-path exceptions, or max skew assignments found ;
; i_data_b[2]   ; No input delay, min/max delays, false-path exceptions, or max skew assignments found ;
; i_data_b[3]   ; No input delay, min/max delays, false-path exceptions, or max skew assignments found ;
; i_data_b[4]   ; No input delay, min/max delays, false-path exceptions, or max skew assignments found ;
; i_data_b[5]   ; No input delay, min/max delays, false-path exceptions, or max skew assignments found ;
; i_data_b[6]   ; No input delay, min/max delays, false-path exceptions, or max skew assignments found ;
; i_data_b[7]   ; No input delay, min/max delays, false-path exceptions, or max skew assignments found ;
; i_data_b[8]   ; No input delay, min/max delays, false-path exceptions, or max skew assignments found ;
; i_data_b[9]   ; No input delay, min/max delays, false-path exceptions, or max skew assignments found ;
; i_data_b[10]  ; No input delay, min/max delays, false-path exceptions, or max skew assignments found ;
; i_data_b[11]  ; No input delay, min/max delays, false-path exceptions, or max skew assignments found ;
; i_data_l[0]   ; No input delay, min/max delays, false-path exceptions, or max skew assignments found ;
; i_data_l[1]   ; No input delay, min/max delays, false-path exceptions, or max skew assignments found ;
; i_data_l[2]   ; No input delay, min/max delays, false-path exceptions, or max skew assignments found ;
; i_data_l[3]   ; No input delay, min/max delays, false-path exceptions, or max skew assignments found ;
; i_data_l[4]   ; No input delay, min/max delays, false-path exceptions, or max skew assignments found ;
; i_data_l[5]   ; No input delay, min/max delays, false-path exceptions, or max skew assignments found ;
; i_data_l[6]   ; No input delay, min/max delays, false-path exceptions, or max skew assignments found ;
; i_data_l[7]   ; No input delay, min/max delays, false-path exceptions, or max skew assignments found ;
; i_data_l[8]   ; No input delay, min/max delays, false-path exceptions, or max skew assignments found ;
; i_data_l[9]   ; No input delay, min/max delays, false-path exceptions, or max skew assignments found ;
; i_data_l[10]  ; No input delay, min/max delays, false-path exceptions, or max skew assignments found ;
; i_data_l[11]  ; No input delay, min/max delays, false-path exceptions, or max skew assignments found ;
; i_data_pe[0]  ; No input delay, min/max delays, false-path exceptions, or max skew assignments found ;
; i_data_pe[1]  ; No input delay, min/max delays, false-path exceptions, or max skew assignments found ;
; i_data_pe[2]  ; No input delay, min/max delays, false-path exceptions, or max skew assignments found ;
; i_data_pe[3]  ; No input delay, min/max delays, false-path exceptions, or max skew assignments found ;
; i_data_pe[4]  ; No input delay, min/max delays, false-path exceptions, or max skew assignments found ;
; i_data_pe[5]  ; No input delay, min/max delays, false-path exceptions, or max skew assignments found ;
; i_data_pe[6]  ; No input delay, min/max delays, false-path exceptions, or max skew assignments found ;
; i_data_pe[7]  ; No input delay, min/max delays, false-path exceptions, or max skew assignments found ;
; i_data_pe[8]  ; No input delay, min/max delays, false-path exceptions, or max skew assignments found ;
; i_data_pe[9]  ; No input delay, min/max delays, false-path exceptions, or max skew assignments found ;
; i_data_pe[10] ; No input delay, min/max delays, false-path exceptions, or max skew assignments found ;
; i_data_pe[11] ; No input delay, min/max delays, false-path exceptions, or max skew assignments found ;
; i_ready_r     ; No input delay, min/max delays, false-path exceptions, or max skew assignments found ;
; i_ready_t     ; No input delay, min/max delays, false-path exceptions, or max skew assignments found ;
; i_valid_b     ; No input delay, min/max delays, false-path exceptions, or max skew assignments found ;
; i_valid_l     ; No input delay, min/max delays, false-path exceptions, or max skew assignments found ;
; i_valid_pe    ; No input delay, min/max delays, false-path exceptions, or max skew assignments found ;
+---------------+--------------------------------------------------------------------------------------+


+-------------------------------------------------------------------------------------------------------+
; Unconstrained Output Ports                                                                            ;
+---------------+---------------------------------------------------------------------------------------+
; Output Port   ; Comment                                                                               ;
+---------------+---------------------------------------------------------------------------------------+
; o_data_pe[0]  ; No output delay, min/max delays, false-path exceptions, or max skew assignments found ;
; o_data_pe[1]  ; No output delay, min/max delays, false-path exceptions, or max skew assignments found ;
; o_data_pe[2]  ; No output delay, min/max delays, false-path exceptions, or max skew assignments found ;
; o_data_pe[3]  ; No output delay, min/max delays, false-path exceptions, or max skew assignments found ;
; o_data_pe[4]  ; No output delay, min/max delays, false-path exceptions, or max skew assignments found ;
; o_data_pe[5]  ; No output delay, min/max delays, false-path exceptions, or max skew assignments found ;
; o_data_pe[6]  ; No output delay, min/max delays, false-path exceptions, or max skew assignments found ;
; o_data_pe[7]  ; No output delay, min/max delays, false-path exceptions, or max skew assignments found ;
; o_data_pe[8]  ; No output delay, min/max delays, false-path exceptions, or max skew assignments found ;
; o_data_pe[9]  ; No output delay, min/max delays, false-path exceptions, or max skew assignments found ;
; o_data_pe[10] ; No output delay, min/max delays, false-path exceptions, or max skew assignments found ;
; o_data_pe[11] ; No output delay, min/max delays, false-path exceptions, or max skew assignments found ;
; o_data_r[0]   ; No output delay, min/max delays, false-path exceptions, or max skew assignments found ;
; o_data_r[1]   ; No output delay, min/max delays, false-path exceptions, or max skew assignments found ;
; o_data_r[2]   ; No output delay, min/max delays, false-path exceptions, or max skew assignments found ;
; o_data_r[3]   ; No output delay, min/max delays, false-path exceptions, or max skew assignments found ;
; o_data_r[4]   ; No output delay, min/max delays, false-path exceptions, or max skew assignments found ;
; o_data_r[5]   ; No output delay, min/max delays, false-path exceptions, or max skew assignments found ;
; o_data_r[6]   ; No output delay, min/max delays, false-path exceptions, or max skew assignments found ;
; o_data_r[7]   ; No output delay, min/max delays, false-path exceptions, or max skew assignments found ;
; o_data_r[8]   ; No output delay, min/max delays, false-path exceptions, or max skew assignments found ;
; o_data_r[9]   ; No output delay, min/max delays, false-path exceptions, or max skew assignments found ;
; o_data_r[10]  ; No output delay, min/max delays, false-path exceptions, or max skew assignments found ;
; o_data_r[11]  ; No output delay, min/max delays, false-path exceptions, or max skew assignments found ;
; o_data_t[0]   ; No output delay, min/max delays, false-path exceptions, or max skew assignments found ;
; o_data_t[1]   ; No output delay, min/max delays, false-path exceptions, or max skew assignments found ;
; o_data_t[2]   ; No output delay, min/max delays, false-path exceptions, or max skew assignments found ;
; o_data_t[3]   ; No output delay, min/max delays, false-path exceptions, or max skew assignments found ;
; o_data_t[4]   ; No output delay, min/max delays, false-path exceptions, or max skew assignments found ;
; o_data_t[5]   ; No output delay, min/max delays, false-path exceptions, or max skew assignments found ;
; o_data_t[6]   ; No output delay, min/max delays, false-path exceptions, or max skew assignments found ;
; o_data_t[7]   ; No output delay, min/max delays, false-path exceptions, or max skew assignments found ;
; o_data_t[8]   ; No output delay, min/max delays, false-path exceptions, or max skew assignments found ;
; o_data_t[9]   ; No output delay, min/max delays, false-path exceptions, or max skew assignments found ;
; o_data_t[10]  ; No output delay, min/max delays, false-path exceptions, or max skew assignments found ;
; o_data_t[11]  ; No output delay, min/max delays, false-path exceptions, or max skew assignments found ;
; o_ready_pe    ; No output delay, min/max delays, false-path exceptions, or max skew assignments found ;
; o_valid_pe    ; No output delay, min/max delays, false-path exceptions, or max skew assignments found ;
; o_valid_r     ; No output delay, min/max delays, false-path exceptions, or max skew assignments found ;
; o_valid_t     ; No output delay, min/max delays, false-path exceptions, or max skew assignments found ;
+---------------+---------------------------------------------------------------------------------------+


+------------------------------------------------------------------------------------------------------+
; Unconstrained Input Ports                                                                            ;
+---------------+--------------------------------------------------------------------------------------+
; Input Port    ; Comment                                                                              ;
+---------------+--------------------------------------------------------------------------------------+
; i_data_b[0]   ; No input delay, min/max delays, false-path exceptions, or max skew assignments found ;
; i_data_b[1]   ; No input delay, min/max delays, false-path exceptions, or max skew assignments found ;
; i_data_b[2]   ; No input delay, min/max delays, false-path exceptions, or max skew assignments found ;
; i_data_b[3]   ; No input delay, min/max delays, false-path exceptions, or max skew assignments found ;
; i_data_b[4]   ; No input delay, min/max delays, false-path exceptions, or max skew assignments found ;
; i_data_b[5]   ; No input delay, min/max delays, false-path exceptions, or max skew assignments found ;
; i_data_b[6]   ; No input delay, min/max delays, false-path exceptions, or max skew assignments found ;
; i_data_b[7]   ; No input delay, min/max delays, false-path exceptions, or max skew assignments found ;
; i_data_b[8]   ; No input delay, min/max delays, false-path exceptions, or max skew assignments found ;
; i_data_b[9]   ; No input delay, min/max delays, false-path exceptions, or max skew assignments found ;
; i_data_b[10]  ; No input delay, min/max delays, false-path exceptions, or max skew assignments found ;
; i_data_b[11]  ; No input delay, min/max delays, false-path exceptions, or max skew assignments found ;
; i_data_l[0]   ; No input delay, min/max delays, false-path exceptions, or max skew assignments found ;
; i_data_l[1]   ; No input delay, min/max delays, false-path exceptions, or max skew assignments found ;
; i_data_l[2]   ; No input delay, min/max delays, false-path exceptions, or max skew assignments found ;
; i_data_l[3]   ; No input delay, min/max delays, false-path exceptions, or max skew assignments found ;
; i_data_l[4]   ; No input delay, min/max delays, false-path exceptions, or max skew assignments found ;
; i_data_l[5]   ; No input delay, min/max delays, false-path exceptions, or max skew assignments found ;
; i_data_l[6]   ; No input delay, min/max delays, false-path exceptions, or max skew assignments found ;
; i_data_l[7]   ; No input delay, min/max delays, false-path exceptions, or max skew assignments found ;
; i_data_l[8]   ; No input delay, min/max delays, false-path exceptions, or max skew assignments found ;
; i_data_l[9]   ; No input delay, min/max delays, false-path exceptions, or max skew assignments found ;
; i_data_l[10]  ; No input delay, min/max delays, false-path exceptions, or max skew assignments found ;
; i_data_l[11]  ; No input delay, min/max delays, false-path exceptions, or max skew assignments found ;
; i_data_pe[0]  ; No input delay, min/max delays, false-path exceptions, or max skew assignments found ;
; i_data_pe[1]  ; No input delay, min/max delays, false-path exceptions, or max skew assignments found ;
; i_data_pe[2]  ; No input delay, min/max delays, false-path exceptions, or max skew assignments found ;
; i_data_pe[3]  ; No input delay, min/max delays, false-path exceptions, or max skew assignments found ;
; i_data_pe[4]  ; No input delay, min/max delays, false-path exceptions, or max skew assignments found ;
; i_data_pe[5]  ; No input delay, min/max delays, false-path exceptions, or max skew assignments found ;
; i_data_pe[6]  ; No input delay, min/max delays, false-path exceptions, or max skew assignments found ;
; i_data_pe[7]  ; No input delay, min/max delays, false-path exceptions, or max skew assignments found ;
; i_data_pe[8]  ; No input delay, min/max delays, false-path exceptions, or max skew assignments found ;
; i_data_pe[9]  ; No input delay, min/max delays, false-path exceptions, or max skew assignments found ;
; i_data_pe[10] ; No input delay, min/max delays, false-path exceptions, or max skew assignments found ;
; i_data_pe[11] ; No input delay, min/max delays, false-path exceptions, or max skew assignments found ;
; i_ready_r     ; No input delay, min/max delays, false-path exceptions, or max skew assignments found ;
; i_ready_t     ; No input delay, min/max delays, false-path exceptions, or max skew assignments found ;
; i_valid_b     ; No input delay, min/max delays, false-path exceptions, or max skew assignments found ;
; i_valid_l     ; No input delay, min/max delays, false-path exceptions, or max skew assignments found ;
; i_valid_pe    ; No input delay, min/max delays, false-path exceptions, or max skew assignments found ;
+---------------+--------------------------------------------------------------------------------------+


+-------------------------------------------------------------------------------------------------------+
; Unconstrained Output Ports                                                                            ;
+---------------+---------------------------------------------------------------------------------------+
; Output Port   ; Comment                                                                               ;
+---------------+---------------------------------------------------------------------------------------+
; o_data_pe[0]  ; No output delay, min/max delays, false-path exceptions, or max skew assignments found ;
; o_data_pe[1]  ; No output delay, min/max delays, false-path exceptions, or max skew assignments found ;
; o_data_pe[2]  ; No output delay, min/max delays, false-path exceptions, or max skew assignments found ;
; o_data_pe[3]  ; No output delay, min/max delays, false-path exceptions, or max skew assignments found ;
; o_data_pe[4]  ; No output delay, min/max delays, false-path exceptions, or max skew assignments found ;
; o_data_pe[5]  ; No output delay, min/max delays, false-path exceptions, or max skew assignments found ;
; o_data_pe[6]  ; No output delay, min/max delays, false-path exceptions, or max skew assignments found ;
; o_data_pe[7]  ; No output delay, min/max delays, false-path exceptions, or max skew assignments found ;
; o_data_pe[8]  ; No output delay, min/max delays, false-path exceptions, or max skew assignments found ;
; o_data_pe[9]  ; No output delay, min/max delays, false-path exceptions, or max skew assignments found ;
; o_data_pe[10] ; No output delay, min/max delays, false-path exceptions, or max skew assignments found ;
; o_data_pe[11] ; No output delay, min/max delays, false-path exceptions, or max skew assignments found ;
; o_data_r[0]   ; No output delay, min/max delays, false-path exceptions, or max skew assignments found ;
; o_data_r[1]   ; No output delay, min/max delays, false-path exceptions, or max skew assignments found ;
; o_data_r[2]   ; No output delay, min/max delays, false-path exceptions, or max skew assignments found ;
; o_data_r[3]   ; No output delay, min/max delays, false-path exceptions, or max skew assignments found ;
; o_data_r[4]   ; No output delay, min/max delays, false-path exceptions, or max skew assignments found ;
; o_data_r[5]   ; No output delay, min/max delays, false-path exceptions, or max skew assignments found ;
; o_data_r[6]   ; No output delay, min/max delays, false-path exceptions, or max skew assignments found ;
; o_data_r[7]   ; No output delay, min/max delays, false-path exceptions, or max skew assignments found ;
; o_data_r[8]   ; No output delay, min/max delays, false-path exceptions, or max skew assignments found ;
; o_data_r[9]   ; No output delay, min/max delays, false-path exceptions, or max skew assignments found ;
; o_data_r[10]  ; No output delay, min/max delays, false-path exceptions, or max skew assignments found ;
; o_data_r[11]  ; No output delay, min/max delays, false-path exceptions, or max skew assignments found ;
; o_data_t[0]   ; No output delay, min/max delays, false-path exceptions, or max skew assignments found ;
; o_data_t[1]   ; No output delay, min/max delays, false-path exceptions, or max skew assignments found ;
; o_data_t[2]   ; No output delay, min/max delays, false-path exceptions, or max skew assignments found ;
; o_data_t[3]   ; No output delay, min/max delays, false-path exceptions, or max skew assignments found ;
; o_data_t[4]   ; No output delay, min/max delays, false-path exceptions, or max skew assignments found ;
; o_data_t[5]   ; No output delay, min/max delays, false-path exceptions, or max skew assignments found ;
; o_data_t[6]   ; No output delay, min/max delays, false-path exceptions, or max skew assignments found ;
; o_data_t[7]   ; No output delay, min/max delays, false-path exceptions, or max skew assignments found ;
; o_data_t[8]   ; No output delay, min/max delays, false-path exceptions, or max skew assignments found ;
; o_data_t[9]   ; No output delay, min/max delays, false-path exceptions, or max skew assignments found ;
; o_data_t[10]  ; No output delay, min/max delays, false-path exceptions, or max skew assignments found ;
; o_data_t[11]  ; No output delay, min/max delays, false-path exceptions, or max skew assignments found ;
; o_ready_pe    ; No output delay, min/max delays, false-path exceptions, or max skew assignments found ;
; o_valid_pe    ; No output delay, min/max delays, false-path exceptions, or max skew assignments found ;
; o_valid_r     ; No output delay, min/max delays, false-path exceptions, or max skew assignments found ;
; o_valid_t     ; No output delay, min/max delays, false-path exceptions, or max skew assignments found ;
+---------------+---------------------------------------------------------------------------------------+


+------------------------------------+
; TimeQuest Timing Analyzer Messages ;
+------------------------------------+
Info: *******************************************************************
Info: Running Quartus Prime TimeQuest Timing Analyzer
    Info: Version 17.0.0 Build 595 04/25/2017 SJ Lite Edition
    Info: Processing started: Tue Oct 24 12:30:28 2017
Info: Command: quartus_sta openNoc -c nbyn
Info: qsta_default_script.tcl version: #1
Warning (18236): Number of processors has not been specified which may cause overloading on shared machines.  Set the global assignment NUM_PARALLEL_PROCESSORS in your QSF to an appropriate value for best performance.
Info (20030): Parallel compilation is enabled and will use 4 of the 4 processors detected
Info (21077): Low junction temperature is 0 degrees C
Info (21077): High junction temperature is 85 degrees C
Info (332104): Reading SDC File: 'switch.sdc'
Info (332143): No user constrained clock uncertainty found in the design. Calling "derive_clock_uncertainty"
Info (332154): The derive_clock_uncertainty command did not apply clock uncertainty to any clock-to-clock transfers.
Info: Found TIMEQUEST_REPORT_SCRIPT_INCLUDE_DEFAULT_ANALYSIS = ON
Info: Analyzing Slow 900mV 85C Model
Info (332140): No fmax paths to report
Info (332140): No Setup paths to report
Info (332140): No Hold paths to report
Info (332140): No Recovery paths to report
Info (332140): No Removal paths to report
Info (332146): Worst-case minimum pulse width slack is 0.154
    Info (332119):     Slack       End Point TNS Clock 
    Info (332119): ========= =================== =====================
    Info (332119):     0.154               0.000 clk 
Info: Analyzing Slow 900mV 0C Model
Info (334003): Started post-fitting delay annotation
Info (334004): Delay annotation completed successfully
Info (332154): The derive_clock_uncertainty command did not apply clock uncertainty to any clock-to-clock transfers.
Info (332140): No fmax paths to report
Info (332140): No Setup paths to report
Info (332140): No Hold paths to report
Info (332140): No Recovery paths to report
Info (332140): No Removal paths to report
Info (332146): Worst-case minimum pulse width slack is 0.154
    Info (332119):     Slack       End Point TNS Clock 
    Info (332119): ========= =================== =====================
    Info (332119):     0.154               0.000 clk 
Info: Analyzing Fast 900mV 0C Model
Info (332154): The derive_clock_uncertainty command did not apply clock uncertainty to any clock-to-clock transfers.
Info (332140): No Setup paths to report
Info (332140): No Hold paths to report
Info (332140): No Recovery paths to report
Info (332140): No Removal paths to report
Info (332146): Worst-case minimum pulse width slack is 0.154
    Info (332119):     Slack       End Point TNS Clock 
    Info (332119): ========= =================== =====================
    Info (332119):     0.154               0.000 clk 
Info (21077): Low junction temperature is 0 degrees C
Info (21077): High junction temperature is 85 degrees C
Info (332154): The derive_clock_uncertainty command did not apply clock uncertainty to any clock-to-clock transfers.
Info (332102): Design is not fully constrained for setup requirements
Info (332102): Design is not fully constrained for hold requirements
Info: Quartus Prime TimeQuest Timing Analyzer was successful. 0 errors, 1 warning
    Info: Peak virtual memory: 1012 megabytes
    Info: Processing ended: Tue Oct 24 12:30:30 2017
    Info: Elapsed time: 00:00:02
    Info: Total CPU time (on all processors): 00:00:02


